// Jest Snapshot v1, https://goo.gl/fbAQLP

exports[`HomeScreen matches snapshot when error 1`] = `
<RCTSafeAreaView
  style={
    [
      {
        "backgroundColor": "#f8f9fa",
        "flex": 1,
      },
    ]
  }
>
  <View
    testID="error-state"
  >
    <Text
      testID="error-message"
    >
      Network error
    </Text>
    <View
      accessibilityState={
        {
          "busy": undefined,
          "checked": undefined,
          "disabled": undefined,
          "expanded": undefined,
          "selected": undefined,
        }
      }
      accessibilityValue={
        {
          "max": undefined,
          "min": undefined,
          "now": undefined,
          "text": undefined,
        }
      }
      accessible={true}
      collapsable={false}
      focusable={true}
      onClick={[Function]}
      onResponderGrant={[Function]}
      onResponderMove={[Function]}
      onResponderRelease={[Function]}
      onResponderTerminate={[Function]}
      onResponderTerminationRequest={[Function]}
      onStartShouldSetResponder={[Function]}
      style={
        {
          "opacity": 1,
        }
      }
      testID="retry-button"
    >
      <Text>
        Retry
      </Text>
    </View>
  </View>
</RCTSafeAreaView>
`;
